
> morphys@0.1.0 build
> next build

Γû▓ Next.js 16.1.1 (Turbopack)
- Experiments (use with caution):
  ┬╖ optimizePackageImports

  Creating an optimized production build ...
Γ£ô Compiled successfully in 14.4s
  Running TypeScript ...
  Collecting page data using 15 workers ...
  Generating static pages using 15 workers (0/5) ...
  Generating static pages using 15 workers (1/5) 
  Generating static pages using 15 workers (2/5) 
  Generating static pages using 15 workers (3/5) 
Γ£ô Generating static pages using 15 workers (5/5) in 941.7ms
  Finalizing page optimization ...

Route (app)
Γöî Γùï /
Γö£ Γùï /_not-found
Γö£ Γùï /components
Γöö ╞Æ /components/[componentId]


Γùï  (Static)   prerendered as static content
╞Æ  (Dynamic)  server-rendered on demand

