src/app/components/[componentId]/page.tsx(1661,23): error TS2339: Property 'fullCode' does not exist on type 'ComponentDataLite'.
src/app/components/[componentId]/page.tsx(1662,34): error TS2339: Property 'fullCode' does not exist on type 'ComponentDataLite'.
src/data/componentsData.ts(14939,5): error TS2322: Type '{ id: string; name: string; index: number; description: string; tags: string[]; category: string; previewConfig: { gridSize: { cols: number; rows: number; }; pattern: string; speed: string; shape?: undefined; ... 26 more ...; lineCount?: undefined; }; dependencies: string[]; usage: string; props: { ...; }[]; fullCod...' is not assignable to type 'ComponentDataLite | undefined'.
  Type '{ id: string; name: string; index: number; description: string; tags: string[]; category: string; previewConfig: { gridSize: { cols: number; rows: number; }; pattern: string; speed: string; shape?: undefined; ... 26 more ...; lineCount?: undefined; }; dependencies: string[]; usage: string; props: { ...; }[]; fullCod...' is not assignable to type 'ComponentDataLite'.
    Types of property 'category' are incompatible.
      Type 'string' is not assignable to type '"animation" | "layout" | "interaction" | "effect"'.
